[2026-01-29 17:39:53Z INFO HostContext] No proxy settings were found based on environmental variables (http_proxy/https_proxy/HTTP_PROXY/HTTPS_PROXY)
[2026-01-29 17:39:53Z INFO HostContext] Well known directory 'Bin': '/home/wilman/Desktop/tour-of-heroes-gh-actions/actions-runner/bin'
[2026-01-29 17:39:53Z INFO HostContext] Well known directory 'Root': '/home/wilman/Desktop/tour-of-heroes-gh-actions/actions-runner'
[2026-01-29 17:39:53Z INFO HostContext] Well known config file 'Credentials': '/home/wilman/Desktop/tour-of-heroes-gh-actions/actions-runner/.credentials'
[2026-01-29 17:39:53Z INFO HostContext] Well known directory 'Bin': '/home/wilman/Desktop/tour-of-heroes-gh-actions/actions-runner/bin'
[2026-01-29 17:39:53Z INFO HostContext] Well known directory 'Root': '/home/wilman/Desktop/tour-of-heroes-gh-actions/actions-runner'
[2026-01-29 17:39:53Z INFO HostContext] Well known config file 'Runner': '/home/wilman/Desktop/tour-of-heroes-gh-actions/actions-runner/.runner'
[2026-01-29 17:39:53Z INFO Listener] Runner is built for Linux (X64) - linux-x64.
[2026-01-29 17:39:53Z INFO Listener] RuntimeInformation: Debian GNU/Linux 13 (trixie).
[2026-01-29 17:39:53Z INFO Listener] Version: 2.331.0
[2026-01-29 17:39:53Z INFO Listener] Commit: 39f6c643d3032f8795fa71f1482731ca90c8e038
[2026-01-29 17:39:53Z INFO Listener] Culture: en-US
[2026-01-29 17:39:53Z INFO Listener] UI Culture: en-US
[2026-01-29 17:39:53Z INFO HostContext] Well known directory 'Bin': '/home/wilman/Desktop/tour-of-heroes-gh-actions/actions-runner/bin'
[2026-01-29 17:39:53Z INFO HostContext] Well known directory 'Root': '/home/wilman/Desktop/tour-of-heroes-gh-actions/actions-runner'
[2026-01-29 17:39:53Z INFO Listener] Validating directory permissions for: '/home/wilman/Desktop/tour-of-heroes-gh-actions/actions-runner'
[2026-01-29 17:39:53Z INFO CommandLineParser] Parse
[2026-01-29 17:39:53Z INFO CommandLineParser] Parsing 5 args
[2026-01-29 17:39:53Z INFO CommandLineParser] parsing argument
[2026-01-29 17:39:53Z INFO CommandLineParser] HasArgs: False
[2026-01-29 17:39:53Z INFO CommandLineParser] Adding Command: configure
[2026-01-29 17:39:53Z INFO CommandLineParser] parsing argument
[2026-01-29 17:39:53Z INFO CommandLineParser] HasArgs: True
[2026-01-29 17:39:53Z INFO CommandLineParser] arg: url
[2026-01-29 17:39:53Z INFO CommandLineParser] parsing argument
[2026-01-29 17:39:53Z INFO CommandLineParser] HasArgs: True
[2026-01-29 17:39:53Z INFO CommandLineParser] Adding option 'url': 'https://github.com/KevinEstupinan/tour-of-heroes-gh-actions'
[2026-01-29 17:39:53Z INFO CommandLineParser] parsing argument
[2026-01-29 17:39:53Z INFO CommandLineParser] HasArgs: True
[2026-01-29 17:39:53Z INFO CommandLineParser] arg: token
[2026-01-29 17:39:53Z INFO CommandLineParser] parsing argument
[2026-01-29 17:39:53Z INFO CommandLineParser] HasArgs: True
[2026-01-29 17:39:53Z INFO CommandLineParser] Adding option 'token': '***'
[2026-01-29 17:39:53Z INFO Listener] Arguments parsed
[2026-01-29 17:39:53Z INFO Runner] ExecuteCommand
[2026-01-29 17:39:53Z INFO ConfigurationStore] currentAssemblyLocation: /home/wilman/Desktop/tour-of-heroes-gh-actions/actions-runner/bin/Runner.Listener.dll
[2026-01-29 17:39:53Z INFO HostContext] Well known directory 'Bin': '/home/wilman/Desktop/tour-of-heroes-gh-actions/actions-runner/bin'
[2026-01-29 17:39:53Z INFO ConfigurationStore] binPath: /home/wilman/Desktop/tour-of-heroes-gh-actions/actions-runner/bin
[2026-01-29 17:39:53Z INFO HostContext] Well known directory 'Bin': '/home/wilman/Desktop/tour-of-heroes-gh-actions/actions-runner/bin'
[2026-01-29 17:39:53Z INFO HostContext] Well known directory 'Root': '/home/wilman/Desktop/tour-of-heroes-gh-actions/actions-runner'
[2026-01-29 17:39:53Z INFO ConfigurationStore] RootFolder: /home/wilman/Desktop/tour-of-heroes-gh-actions/actions-runner
[2026-01-29 17:39:53Z INFO HostContext] Well known directory 'Bin': '/home/wilman/Desktop/tour-of-heroes-gh-actions/actions-runner/bin'
[2026-01-29 17:39:53Z INFO HostContext] Well known directory 'Root': '/home/wilman/Desktop/tour-of-heroes-gh-actions/actions-runner'
[2026-01-29 17:39:53Z INFO HostContext] Well known config file 'Runner': '/home/wilman/Desktop/tour-of-heroes-gh-actions/actions-runner/.runner'
[2026-01-29 17:39:53Z INFO ConfigurationStore] ConfigFilePath: /home/wilman/Desktop/tour-of-heroes-gh-actions/actions-runner/.runner
[2026-01-29 17:39:53Z INFO HostContext] Well known directory 'Bin': '/home/wilman/Desktop/tour-of-heroes-gh-actions/actions-runner/bin'
[2026-01-29 17:39:53Z INFO HostContext] Well known directory 'Root': '/home/wilman/Desktop/tour-of-heroes-gh-actions/actions-runner'
[2026-01-29 17:39:53Z INFO HostContext] Well known config file 'MigratedRunner': '/home/wilman/Desktop/tour-of-heroes-gh-actions/actions-runner/.runner_migrated'
[2026-01-29 17:39:53Z INFO ConfigurationStore] MigratedConfigFilePath: /home/wilman/Desktop/tour-of-heroes-gh-actions/actions-runner/.runner_migrated
[2026-01-29 17:39:53Z INFO HostContext] Well known directory 'Bin': '/home/wilman/Desktop/tour-of-heroes-gh-actions/actions-runner/bin'
[2026-01-29 17:39:53Z INFO HostContext] Well known directory 'Root': '/home/wilman/Desktop/tour-of-heroes-gh-actions/actions-runner'
[2026-01-29 17:39:53Z INFO HostContext] Well known config file 'Credentials': '/home/wilman/Desktop/tour-of-heroes-gh-actions/actions-runner/.credentials'
[2026-01-29 17:39:53Z INFO ConfigurationStore] CredFilePath: /home/wilman/Desktop/tour-of-heroes-gh-actions/actions-runner/.credentials
[2026-01-29 17:39:53Z INFO HostContext] Well known directory 'Bin': '/home/wilman/Desktop/tour-of-heroes-gh-actions/actions-runner/bin'
[2026-01-29 17:39:53Z INFO HostContext] Well known directory 'Root': '/home/wilman/Desktop/tour-of-heroes-gh-actions/actions-runner'
[2026-01-29 17:39:53Z INFO HostContext] Well known config file 'MigratedCredentials': '/home/wilman/Desktop/tour-of-heroes-gh-actions/actions-runner/.credentials_migrated'
[2026-01-29 17:39:53Z INFO ConfigurationStore] MigratedCredFilePath: /home/wilman/Desktop/tour-of-heroes-gh-actions/actions-runner/.credentials_migrated
[2026-01-29 17:39:53Z INFO HostContext] Well known directory 'Bin': '/home/wilman/Desktop/tour-of-heroes-gh-actions/actions-runner/bin'
[2026-01-29 17:39:53Z INFO HostContext] Well known directory 'Root': '/home/wilman/Desktop/tour-of-heroes-gh-actions/actions-runner'
[2026-01-29 17:39:53Z INFO HostContext] Well known config file 'Service': '/home/wilman/Desktop/tour-of-heroes-gh-actions/actions-runner/.service'
[2026-01-29 17:39:53Z INFO ConfigurationStore] ServiceConfigFilePath: /home/wilman/Desktop/tour-of-heroes-gh-actions/actions-runner/.service
[2026-01-29 17:39:53Z INFO CommandSettings] Flag 'help': 'False'
[2026-01-29 17:39:53Z INFO CommandSettings] Flag 'version': 'False'
[2026-01-29 17:39:53Z INFO CommandSettings] Flag 'commit': 'False'
[2026-01-29 17:39:53Z INFO CommandSettings] Flag 'check': 'False'
[2026-01-29 17:39:53Z INFO CommandSettings] Command 'configure': 'True'
[2026-01-29 17:39:53Z INFO Terminal] WRITE LINE: 
[2026-01-29 17:39:53Z INFO Terminal] WRITE LINE: --------------------------------------------------------------------------------
[2026-01-29 17:39:53Z INFO Terminal] WRITE LINE: |        ____ _ _   _   _       _          _        _   _                      |
[2026-01-29 17:39:53Z INFO Terminal] WRITE LINE: |       / ___(_) |_| | | |_   _| |__      / \   ___| |_(_) ___  _ __  ___      |
[2026-01-29 17:39:53Z INFO Terminal] WRITE LINE: |      | |  _| | __| |_| | | | | '_ \    / _ \ / __| __| |/ _ \| '_ \/ __|     |
[2026-01-29 17:39:53Z INFO Terminal] WRITE LINE: |      | |_| | | |_|  _  | |_| | |_) |  / ___ \ (__| |_| | (_) | | | \__ \     |
[2026-01-29 17:39:53Z INFO Terminal] WRITE LINE: |       \____|_|\__|_| |_|\__,_|_.__/  /_/   \_\___|\__|_|\___/|_| |_|___/     |
[2026-01-29 17:39:53Z INFO Terminal] WRITE LINE: |                                                                              |
[2026-01-29 17:39:53Z INFO Terminal] WRITE: |                       
[2026-01-29 17:39:53Z INFO Terminal] WRITE: Self-hosted runner registration
[2026-01-29 17:39:53Z INFO Terminal] WRITE LINE:                         |
[2026-01-29 17:39:53Z INFO Terminal] WRITE LINE: |                                                                              |
[2026-01-29 17:39:53Z INFO Terminal] WRITE LINE: --------------------------------------------------------------------------------
[2026-01-29 17:39:53Z INFO ConfigurationManager] ConfigureAsync
[2026-01-29 17:39:53Z INFO CommandSettings] Flag 'generateServiceConfig': 'False'
[2026-01-29 17:39:53Z INFO ConfigurationStore] IsConfigured()
[2026-01-29 17:39:53Z INFO ConfigurationStore] IsConfigured: False
[2026-01-29 17:39:53Z INFO ConfigurationManager] Is configured: False
[2026-01-29 17:39:53Z INFO CommandSettings] Arg 'url': 'https://github.com/KevinEstupinan/tour-of-heroes-gh-actions'
[2026-01-29 17:39:53Z INFO CommandSettings] Remove url from Arg dictionary.
[2026-01-29 17:39:53Z INFO CommandSettings] Arg 'token': '***'
[2026-01-29 17:39:53Z INFO CommandSettings] Remove token from Arg dictionary.
[2026-01-29 17:39:54Z INFO ConfigurationManager] Http response code: OK from 'POST https://api.github.com/actions/runner-registration' (D492:2BA8B9:113FD25:4CAA6A0:697B9B69)
[2026-01-29 17:39:54Z INFO ConfigurationManager] Using runner-admin flow: False
[2026-01-29 17:39:54Z INFO ConfigurationManager] cred retrieved via GitHub auth
[2026-01-29 17:39:54Z INFO RunnerServer] EstablishVssConnection
[2026-01-29 17:39:54Z INFO RunnerServer] Establish connection with 100 seconds timeout.
[2026-01-29 17:39:54Z INFO GitHubActionsService] Starting operation Location.GetConnectionData
[2026-01-29 17:39:54Z INFO RunnerServer] EstablishVssConnection
[2026-01-29 17:39:54Z INFO RunnerServer] Establish connection with 60 seconds timeout.
[2026-01-29 17:39:54Z INFO GitHubActionsService] Starting operation Location.GetConnectionData
[2026-01-29 17:39:54Z INFO RunnerServer] EstablishVssConnection
[2026-01-29 17:39:54Z INFO RunnerServer] Establish connection with 60 seconds timeout.
[2026-01-29 17:39:54Z INFO GitHubActionsService] Starting operation Location.GetConnectionData
[2026-01-29 17:39:54Z INFO GitHubActionsService] Finished operation Location.GetConnectionData
[2026-01-29 17:39:54Z INFO GitHubActionsService] Finished operation Location.GetConnectionData
[2026-01-29 17:39:54Z INFO GitHubActionsService] Finished operation Location.GetConnectionData
[2026-01-29 17:39:55Z INFO Terminal] WRITE LINE: 
[2026-01-29 17:39:55Z INFO ConfigurationManager] Test Connection complete.
[2026-01-29 17:39:55Z INFO HostContext] Well known directory 'Bin': '/home/wilman/Desktop/tour-of-heroes-gh-actions/actions-runner/bin'
[2026-01-29 17:39:55Z INFO HostContext] Well known directory 'Root': '/home/wilman/Desktop/tour-of-heroes-gh-actions/actions-runner'
[2026-01-29 17:39:55Z INFO HostContext] Well known config file 'RSACredentials': '/home/wilman/Desktop/tour-of-heroes-gh-actions/actions-runner/.credentials_rsaparams'
[2026-01-29 17:39:55Z INFO RSAFileKeyManager] Creating new RSA key using 2048-bit key length
[2026-01-29 17:39:55Z INFO RSAFileKeyManager] Successfully saved RSA key parameters to file /home/wilman/Desktop/tour-of-heroes-gh-actions/actions-runner/.credentials_rsaparams
[2026-01-29 17:39:55Z INFO RSAFileKeyManager] Which2: 'chmod'
[2026-01-29 17:39:55Z INFO RSAFileKeyManager] Location: '/usr/bin/chmod'
[2026-01-29 17:39:55Z INFO HostContext] Well known directory 'Bin': '/home/wilman/Desktop/tour-of-heroes-gh-actions/actions-runner/bin'
[2026-01-29 17:39:55Z INFO HostContext] Well known directory 'Root': '/home/wilman/Desktop/tour-of-heroes-gh-actions/actions-runner'
[2026-01-29 17:39:55Z INFO ProcessInvokerWrapper] Starting process:
[2026-01-29 17:39:55Z INFO ProcessInvokerWrapper]   File name: '/usr/bin/chmod'
[2026-01-29 17:39:55Z INFO ProcessInvokerWrapper]   Arguments: '600 /home/wilman/Desktop/tour-of-heroes-gh-actions/actions-runner/.credentials_rsaparams'
[2026-01-29 17:39:55Z INFO ProcessInvokerWrapper]   Working directory: '/home/wilman/Desktop/tour-of-heroes-gh-actions/actions-runner'
[2026-01-29 17:39:55Z INFO ProcessInvokerWrapper]   Require exit code zero: 'False'
[2026-01-29 17:39:55Z INFO ProcessInvokerWrapper]   Encoding web name:  ; code page: ''
[2026-01-29 17:39:55Z INFO ProcessInvokerWrapper]   Force kill process on cancellation: 'False'
[2026-01-29 17:39:55Z INFO ProcessInvokerWrapper]   Redirected STDIN: 'False'
[2026-01-29 17:39:55Z INFO ProcessInvokerWrapper]   Persist current code page: 'False'
[2026-01-29 17:39:55Z INFO ProcessInvokerWrapper]   Keep redirected STDIN open: 'False'
[2026-01-29 17:39:55Z INFO ProcessInvokerWrapper]   High priority process: 'False'
[2026-01-29 17:39:55Z INFO ProcessInvokerWrapper] Process started with process id 96055, waiting for process exit.
[2026-01-29 17:39:55Z INFO ProcessInvokerWrapper] STDOUT/STDERR stream read finished.
[2026-01-29 17:39:55Z INFO ProcessInvokerWrapper] STDOUT/STDERR stream read finished.
[2026-01-29 17:39:55Z INFO ProcessInvokerWrapper] Finished process 96055 with exit code 0, and elapsed time 00:00:00.0058027.
[2026-01-29 17:39:55Z INFO RSAFileKeyManager] Successfully set permissions for RSA key parameters file /home/wilman/Desktop/tour-of-heroes-gh-actions/actions-runner/.credentials_rsaparams
[2026-01-29 17:39:55Z INFO CommandSettings] Arg 'runnergroup': ''
[2026-01-29 17:39:55Z INFO CommandSettings] Flag 'unattended': 'False'
[2026-01-29 17:39:55Z INFO PromptManager] ReadValue
[2026-01-29 17:39:55Z INFO Terminal] WRITE: Enter the name of the runner group to add this runner to: 
[2026-01-29 17:39:55Z INFO Terminal] WRITE: [press Enter for Default] 
[2026-01-29 17:39:55Z INFO Terminal] READ LINE
[2026-01-29 17:40:16Z INFO Terminal] Read value: ''
[2026-01-29 17:40:16Z INFO PromptManager] Falling back to the default: 'Default'
[2026-01-29 17:40:16Z INFO Terminal] WRITE LINE: 
[2026-01-29 17:40:16Z INFO ConfigurationManager] Found a self-hosted runner group with id 1 and name Default
[2026-01-29 17:40:16Z INFO CommandSettings] Flag 'disableupdate': 'False'
[2026-01-29 17:40:16Z INFO CommandSettings] Flag 'ephemeral': 'False'
[2026-01-29 17:40:16Z INFO CommandSettings] Arg 'name': ''
[2026-01-29 17:40:16Z INFO CommandSettings] Flag 'unattended': 'False'
[2026-01-29 17:40:16Z INFO PromptManager] ReadValue
[2026-01-29 17:40:16Z INFO Terminal] WRITE: Enter the name of runner: 
[2026-01-29 17:40:16Z INFO Terminal] WRITE: [press Enter for debian] 
[2026-01-29 17:40:16Z INFO Terminal] READ LINE
[2026-01-29 17:40:23Z INFO Terminal] Read value: ''
[2026-01-29 17:40:23Z INFO PromptManager] Falling back to the default: 'debian'
[2026-01-29 17:40:23Z INFO Terminal] WRITE LINE: 
[2026-01-29 17:40:23Z INFO CommandSettings] Arg 'labels': ''
[2026-01-29 17:40:23Z INFO CommandSettings] Flag 'unattended': 'False'
[2026-01-29 17:40:23Z INFO PromptManager] ReadValue
[2026-01-29 17:40:23Z INFO Terminal] WRITE: This runner will have the following labels: 'self-hosted', 'Linux', 'X64' 
Enter any additional labels (ex. label-1,label-2): 
[2026-01-29 17:40:23Z INFO Terminal] WRITE: [press Enter to skip] 
[2026-01-29 17:40:23Z INFO Terminal] READ LINE
[2026-01-29 17:40:42Z INFO Terminal] Read value: ''
[2026-01-29 17:40:42Z INFO Terminal] WRITE LINE: 
[2026-01-29 17:40:42Z INFO CommandSettings] Flag 'disableupdate': 'False'
[2026-01-29 17:40:42Z INFO CommandSettings] Flag 'no-default-labels': 'False'
[2026-01-29 17:40:42Z INFO CommandSettings] Flag 'disableupdate': 'False'
[2026-01-29 17:40:42Z INFO CommandSettings] Flag 'ephemeral': 'False'
[2026-01-29 17:40:42Z INFO ConfigurationStore] Saving OAuth credential @ /home/wilman/Desktop/tour-of-heroes-gh-actions/actions-runner/.credentials
[2026-01-29 17:40:42Z INFO ConfigurationStore] Credentials Saved.
[2026-01-29 17:40:42Z INFO ConfigurationManager] Service enforced serverUrlV2: https://broker.actions.githubusercontent.com/
[2026-01-29 17:40:42Z INFO ConfigurationManager] Service enforced useV2Flow: True
[2026-01-29 17:40:42Z INFO CommandSettings] Arg 'work': ''
[2026-01-29 17:40:42Z INFO CommandSettings] Flag 'unattended': 'False'
[2026-01-29 17:40:42Z INFO PromptManager] ReadValue
[2026-01-29 17:40:42Z INFO Terminal] WRITE: Enter name of work folder: 
[2026-01-29 17:40:42Z INFO Terminal] WRITE: [press Enter for _work] 
[2026-01-29 17:40:42Z INFO Terminal] READ LINE
[2026-01-29 17:40:57Z INFO Terminal] Read value: ''
[2026-01-29 17:40:57Z INFO PromptManager] Falling back to the default: '_work'
[2026-01-29 17:40:57Z INFO ConfigurationStore] Saving runner settings.
[2026-01-29 17:40:57Z INFO ConfigurationStore] Settings Saved.
[2026-01-29 17:40:57Z INFO Terminal] WRITE LINE: 
[2026-01-29 17:40:57Z INFO Terminal] WRITE LINE: 
[2026-01-29 17:40:57Z INFO SystemDControlManager] Service name 'actions.runner.KevinEstupinan-tour-of-heroes-gh-actions.debian.service' display name 'GitHub Actions Runner (KevinEstupinan-tour-of-heroes-gh-actions.debian)' will be used for service configuration.
[2026-01-29 17:40:57Z INFO HostContext] Well known directory 'Bin': '/home/wilman/Desktop/tour-of-heroes-gh-actions/actions-runner/bin'
[2026-01-29 17:40:57Z INFO HostContext] Well known directory 'Root': '/home/wilman/Desktop/tour-of-heroes-gh-actions/actions-runner'
[2026-01-29 17:40:57Z INFO HostContext] Well known directory 'Bin': '/home/wilman/Desktop/tour-of-heroes-gh-actions/actions-runner/bin'
[2026-01-29 17:40:57Z INFO HostContext] Well known directory 'Bin': '/home/wilman/Desktop/tour-of-heroes-gh-actions/actions-runner/bin'
[2026-01-29 17:40:57Z INFO HostContext] Well known directory 'Root': '/home/wilman/Desktop/tour-of-heroes-gh-actions/actions-runner'
[2026-01-29 17:40:57Z INFO UnixUtil] Which2: 'chmod'
[2026-01-29 17:40:57Z INFO UnixUtil] Location: '/usr/bin/chmod'
[2026-01-29 17:40:57Z INFO UnixUtil] Running /usr/bin/chmod 755 "/home/wilman/Desktop/tour-of-heroes-gh-actions/actions-runner/svc.sh"
[2026-01-29 17:40:57Z INFO ProcessInvokerWrapper] Starting process:
[2026-01-29 17:40:57Z INFO ProcessInvokerWrapper]   File name: '/usr/bin/chmod'
[2026-01-29 17:40:57Z INFO ProcessInvokerWrapper]   Arguments: '755 "/home/wilman/Desktop/tour-of-heroes-gh-actions/actions-runner/svc.sh"'
[2026-01-29 17:40:57Z INFO ProcessInvokerWrapper]   Working directory: '/home/wilman/Desktop/tour-of-heroes-gh-actions/actions-runner'
[2026-01-29 17:40:57Z INFO ProcessInvokerWrapper]   Require exit code zero: 'True'
[2026-01-29 17:40:57Z INFO ProcessInvokerWrapper]   Encoding web name:  ; code page: ''
[2026-01-29 17:40:57Z INFO ProcessInvokerWrapper]   Force kill process on cancellation: 'False'
[2026-01-29 17:40:57Z INFO ProcessInvokerWrapper]   Redirected STDIN: 'False'
[2026-01-29 17:40:57Z INFO ProcessInvokerWrapper]   Persist current code page: 'False'
[2026-01-29 17:40:57Z INFO ProcessInvokerWrapper]   Keep redirected STDIN open: 'False'
[2026-01-29 17:40:57Z INFO ProcessInvokerWrapper]   High priority process: 'False'
[2026-01-29 17:40:57Z INFO ProcessInvokerWrapper] Updated oom_score_adj to 500 for PID: 96085.
[2026-01-29 17:40:57Z INFO ProcessInvokerWrapper] Process started with process id 96085, waiting for process exit.
[2026-01-29 17:40:57Z INFO ProcessInvokerWrapper] STDOUT/STDERR stream read finished.
[2026-01-29 17:40:57Z INFO ProcessInvokerWrapper] STDOUT/STDERR stream read finished.
[2026-01-29 17:40:57Z INFO ProcessInvokerWrapper] Finished process 96085 with exit code 0, and elapsed time 00:00:00.0037899.
[2026-01-29 17:40:57Z INFO Listener] Runner execution has finished with return code 0
